******************************************************************************
                  MSP430 Linker PC v4.1.5                      
******************************************************************************
>> Linked Sat Jun 27 19:23:13 2015

OUTPUT FILE NAME:   <uart.out>
ENTRY POINT SYMBOL: "_c_int00"  address: 0000d558


MEMORY CONFIGURATION

         name            origin    length      used     unused   attr    fill
----------------------  --------  ---------  --------  --------  ----  --------
  SFR                   00000000   00000010  00000000  00000010  RWIX
  PERIPHERALS_8BIT      00000010   000000f0  00000000  000000f0  RWIX
  PERIPHERALS_16BIT     00000100   00000100  00000000  00000100  RWIX
  RAM                   00000200   00000200  00000069  00000197  RWIX
  INFOD                 00001000   00000040  00000000  00000040  RWIX
  INFOC                 00001040   00000040  00000000  00000040  RWIX
  INFOB                 00001080   00000040  00000000  00000040  RWIX
  INFOA                 000010c0   00000040  00000000  00000040  RWIX
  FLASH                 0000c000   00003fe0  0000165c  00002984  RWIX
  INT00                 0000ffe0   00000002  00000000  00000002  RWIX
  INT01                 0000ffe2   00000002  00000000  00000002  RWIX
  INT02                 0000ffe4   00000002  00000000  00000002  RWIX
  INT03                 0000ffe6   00000002  00000000  00000002  RWIX
  INT04                 0000ffe8   00000002  00000000  00000002  RWIX
  INT05                 0000ffea   00000002  00000000  00000002  RWIX
  INT06                 0000ffec   00000002  00000002  00000000  RWIX
  INT07                 0000ffee   00000002  00000002  00000000  RWIX
  INT08                 0000fff0   00000002  00000000  00000002  RWIX
  INT09                 0000fff2   00000002  00000000  00000002  RWIX
  INT10                 0000fff4   00000002  00000000  00000002  RWIX
  INT11                 0000fff6   00000002  00000000  00000002  RWIX
  INT12                 0000fff8   00000002  00000000  00000002  RWIX
  INT13                 0000fffa   00000002  00000000  00000002  RWIX
  INT14                 0000fffc   00000002  00000000  00000002  RWIX
  RESET                 0000fffe   00000002  00000002  00000000  RWIX


SECTION ALLOCATION MAP

 output                                  attributes/
section   page    origin      length       input sections
--------  ----  ----------  ----------   ----------------
.init_array 
*          0    0000c000    00000000     UNINITIALIZED

.data      0    00000200    00000018     
                  00000200    0000000c     main.obj (.data:speed)
                  0000020c    00000006     main.obj (.data:data)
                  00000212    00000006     main.obj (.data)

.TI.persistent 
*          0    00000200    00000000     UNINITIALIZED

.bss       0    00000218    00000001     UNINITIALIZED
                  00000218    00000001     mpu6050.obj (.bss)

.TI.noinit 
*          0    00000218    00000000     UNINITIALIZED

.stack     0    000003b0    00000050     UNINITIALIZED
                  000003b0    00000002     rts430_eabi.lib : boot.obj (.stack)
                  000003b2    0000004e     --HOLE--

.text      0    0000c000    00001640     
                  0000c000    000002f8     rts430_eabi.lib : frcmpyd.obj (.text:_frcmpyd)
                  0000c2f8    000002e8                     : addd.obj (.text:__mspabi_addd)
                  0000c5e0    0000026e                     : frcaddd.obj (.text:_frcaddd)
                  0000c84e    00000256                     : mpyd.obj (.text:__mspabi_mpyd)
                  0000caa4    000001e0     main.obj (.text:main)
                  0000cc84    00000138     rts430_eabi.lib : cmpd.obj (.text:__mspabi_cmpd)
                  0000cdbc    000000c0                     : renormd.obj (.text:_renormd)
                  0000ce7c    000000b0                     : fltlid.obj (.text:__mspabi_fltlid)
                  0000cf2c    000000a8                     : cvtdf.obj (.text:__mspabi_cvtdf)
                  0000cfd4    00000080                     : cvtfd.obj (.text:__mspabi_cvtfd)
                  0000d054    0000005e                     : copy_decompress_rle.obj (.text:__TI_decompress_rle_core)
                  0000d0b2    0000005e                     : autoinit.obj (.text:_auto_init)
                  0000d110    0000005c                     : lsr32.obj (.text:l_lsr_const)
                  0000d16c    00000054     mpu6050.obj (.text:write1byte)
                  0000d1c0    0000004c     rts430_eabi.lib : lsr16.obj (.text)
                  0000d20c    0000004a                     : fs_cmp.obj (.text)
                  0000d256    00000048     mpu6050.obj (.text:read1byte)
                  0000d29e    0000003e     rts430_eabi.lib : asr32.obj (.text:l_asr_const)
                  0000d2dc    0000003e                     : lsl32.obj (.text:l_lsl_const)
                  0000d31a    0000003e     uart.obj (.text:uart_init)
                  0000d358    0000003a     mpu6050.obj (.text:MPU6050_Init)
                  0000d392    0000003a     mpu6050.obj (.text:Single_Read_MPU6050)
                  0000d3cc    00000038     mpu6050.obj (.text:cack)
                  0000d404    0000002e     mpu6050.obj (.text:mnack)
                  0000d432    0000002e     mpu6050.obj (.text:start)
                  0000d460    0000002e     mpu6050.obj (.text:stop)
                  0000d48e    0000002c     mpu6050.obj (.text:Single_Write_MPU6050)
                  0000d4ba    0000002c     rts430_eabi.lib : asr16.obj (.text)
                  0000d4e6    0000002c                     : lsl16.obj (.text)
                  0000d512    00000026                     : mult32.obj (.text)
                  0000d538    00000020     mpu6050.obj (.text:Get16Bit)
                  0000d558    0000001a     rts430_eabi.lib : boot.obj (.text:_c_int00_noexit)
                  0000d572    00000014                     : copy_zero_init.obj (.text:decompress:ZI:__TI_zero_init)
                  0000d586    00000012                     : copy_decompress_none.obj (.text:decompress:none:__TI_decompress_none)
                  0000d598    00000012                     : lsr32.obj (.text:l_lsr)
                  0000d5aa    00000012                     : memcpy.obj (.text:memcpy)
                  0000d5bc    00000010                     : asr32.obj (.text:l_asr)
                  0000d5cc    00000010                     : lsl32.obj (.text:l_lsl)
                  0000d5dc    00000010                     : epilog.obj (.text)
                  0000d5ec    0000000e     main.obj (.text:USCI0RX_ISR)
                  0000d5fa    0000000c     rts430_eabi.lib : fltid.obj (.text:__mspabi_fltid)
                  0000d606    0000000a     mpu6050.obj (.text:GetAccelX)
                  0000d610    0000000a     mpu6050.obj (.text:GetAccelZ)
                  0000d61a    0000000a     mpu6050.obj (.text:GetAnguX)
                  0000d624    00000008     mpu6050.obj (.text:Delay5us)
                  0000d62c    00000006     main.obj (.text:USCI0TX_ISR)
                  0000d632    00000006     rts430_eabi.lib : copy_decompress_rle.obj (.text:decompress:rle24:__TI_decompress_rle24)
                  0000d638    00000004                     : pre_init.obj (.text:_system_pre_init)
                  0000d63c    00000004                     : exit.obj (.text:abort)

.cinit     0    0000d640    0000001c     
                  0000d640    00000009     (.cinit..data.load) [load image, compression = rle]
                  0000d649    00000001     --HOLE-- [fill = 0]
                  0000d64a    00000006     (__TI_handler_table)
                  0000d650    00000004     (.cinit..bss.load) [load image, compression = zero_init]
                  0000d654    00000008     (__TI_cinit_table)

USCIAB0TX 
*          0    0000ffec    00000002     
                  0000ffec    00000002     main.obj (.int06)

USCIAB0RX 
*          0    0000ffee    00000002     
                  0000ffee    00000002     main.obj (.int07)

.reset     0    0000fffe    00000002     
                  0000fffe    00000002     rts430_eabi.lib : boot.obj (.reset)


LINKER GENERATED COPY TABLES

__TI_cinit_table @ 0000d654 records: 2, size/record: 4, table size: 8
	.data: load addr=0000d640, load size=00000009 bytes, run addr=00000200, run size=00000018 bytes, compression=rle
	.bss: load addr=0000d650, load size=00000004 bytes, run addr=00000218, run size=00000001 bytes, compression=zero_init


LINKER GENERATED HANDLER TABLE

__TI_handler_table @ 0000d64a records: 3, size/record: 2, table size: 6
	index: 0, handler: __TI_zero_init
	index: 1, handler: __TI_decompress_rle24
	index: 2, handler: __TI_decompress_none


GLOBAL SYMBOLS: SORTED ALPHABETICALLY BY Name 

address    name
--------   ----
0000004a   ADC10AE0
000001b0   ADC10CTL0
000001b2   ADC10CTL1
00000048   ADC10DTC0
00000049   ADC10DTC1
000001b4   ADC10MEM
000001bc   ADC10SA
00000057   BCSCTL1
00000058   BCSCTL2
00000053   BCSCTL3
0000d63c   C$$EXIT
00000059   CACTL1
0000005a   CACTL2
000010fb   CALBC1_12MHZ
000010f9   CALBC1_16MHZ
000010ff   CALBC1_1MHZ
000010fd   CALBC1_8MHZ
000010fa   CALDCO_12MHZ
000010f8   CALDCO_16MHZ
000010fe   CALDCO_1MHZ
000010fc   CALDCO_8MHZ
0000005b   CAPD
00000056   DCOCTL
0000d624   Delay5us
00000128   FCTL1
0000012a   FCTL2
0000012c   FCTL3
0000d538   Get16Bit
0000d606   GetAccelX
0000d610   GetAccelZ
0000d61a   GetAnguX
00000000   IE1
00000001   IE2
00000002   IFG1
00000003   IFG2
0000d358   MPU6050_Init
00000022   P1DIR
00000025   P1IE
00000024   P1IES
00000023   P1IFG
00000020   P1IN
00000021   P1OUT
00000027   P1REN
00000026   P1SEL
00000041   P1SEL2
0000002a   P2DIR
0000002d   P2IE
0000002c   P2IES
0000002b   P2IFG
00000028   P2IN
00000029   P2OUT
0000002f   P2REN
0000002e   P2SEL
00000042   P2SEL2
0000001a   P3DIR
00000018   P3IN
00000019   P3OUT
00000010   P3REN
0000001b   P3SEL
00000043   P3SEL2
0000d392   Single_Read_MPU6050
0000d48e   Single_Write_MPU6050
00000172   TA0CCR0
00000174   TA0CCR1
00000176   TA0CCR2
00000162   TA0CCTL0
00000164   TA0CCTL1
00000166   TA0CCTL2
00000160   TA0CTL
0000012e   TA0IV
00000170   TA0R
00000192   TA1CCR0
00000194   TA1CCR1
00000196   TA1CCR2
00000182   TA1CCTL0
00000184   TA1CCTL1
00000186   TA1CCTL2
00000180   TA1CTL
0000011e   TA1IV
00000190   TA1R
0000005d   UCA0ABCTL
00000062   UCA0BR0
00000063   UCA0BR1
00000060   UCA0CTL0
00000061   UCA0CTL1
0000005f   UCA0IRRCTL
0000005e   UCA0IRTCTL
00000064   UCA0MCTL
00000066   UCA0RXBUF
00000065   UCA0STAT
00000067   UCA0TXBUF
0000006a   UCB0BR0
0000006b   UCB0BR1
00000068   UCB0CTL0
00000069   UCB0CTL1
0000006c   UCB0I2CIE
00000118   UCB0I2COA
0000011a   UCB0I2CSA
0000006e   UCB0RXBUF
0000006d   UCB0STAT
0000006f   UCB0TXBUF
0000d5ec   USCI0RX_ISR
0000d62c   USCI0TX_ISR
00000120   WDTCTL
00000400   __STACK_END
00000050   __STACK_SIZE
0000d654   __TI_CINIT_Base
0000d65c   __TI_CINIT_Limit
0000d64a   __TI_Handler_Table_Base
0000d650   __TI_Handler_Table_Limit
UNDEFED    __TI_INITARRAY_Base
UNDEFED    __TI_INITARRAY_Limit
00000001   __TI_args_main
0000d586   __TI_decompress_none
0000d632   __TI_decompress_rle24
00000001   __TI_exit
0000d572   __TI_zero_init
ffffffff   __binit__
ffffffff   __c_args__
0000c2f8   __mspabi_addd
0000cc84   __mspabi_cmpd
0000d20c   __mspabi_cmpf
0000cf2c   __mspabi_cvtdf
0000cfd4   __mspabi_cvtfd
0000d5fa   __mspabi_fltid
0000ce7c   __mspabi_fltlid
0000d5e8   __mspabi_func_epilog_1
0000d5e6   __mspabi_func_epilog_2
0000d5e4   __mspabi_func_epilog_3
0000d5e2   __mspabi_func_epilog_4
0000d5e0   __mspabi_func_epilog_5
0000d5de   __mspabi_func_epilog_6
0000d5dc   __mspabi_func_epilog_7
0000c84e   __mspabi_mpyd
0000d512   __mspabi_mpyl
0000d4e6   __mspabi_slli
0000d50e   __mspabi_slli_1
0000d4fc   __mspabi_slli_10
0000d4fa   __mspabi_slli_11
0000d4f8   __mspabi_slli_12
0000d4f6   __mspabi_slli_13
0000d4f4   __mspabi_slli_14
0000d4f2   __mspabi_slli_15
0000d50c   __mspabi_slli_2
0000d50a   __mspabi_slli_3
0000d508   __mspabi_slli_4
0000d506   __mspabi_slli_5
0000d504   __mspabi_slli_6
0000d502   __mspabi_slli_7
0000d500   __mspabi_slli_8
0000d4fe   __mspabi_slli_9
0000d5cc   __mspabi_slll
0000d314   __mspabi_slll_1
0000d2f0   __mspabi_slll_10
0000d2ec   __mspabi_slll_11
0000d2e8   __mspabi_slll_12
0000d2e4   __mspabi_slll_13
0000d2e0   __mspabi_slll_14
0000d2dc   __mspabi_slll_15
0000d310   __mspabi_slll_2
0000d30c   __mspabi_slll_3
0000d308   __mspabi_slll_4
0000d304   __mspabi_slll_5
0000d300   __mspabi_slll_6
0000d2fc   __mspabi_slll_7
0000d2f8   __mspabi_slll_8
0000d2f4   __mspabi_slll_9
0000d4ba   __mspabi_srai
0000d4e2   __mspabi_srai_1
0000d4d0   __mspabi_srai_10
0000d4ce   __mspabi_srai_11
0000d4cc   __mspabi_srai_12
0000d4ca   __mspabi_srai_13
0000d4c8   __mspabi_srai_14
0000d4c6   __mspabi_srai_15
0000d4e0   __mspabi_srai_2
0000d4de   __mspabi_srai_3
0000d4dc   __mspabi_srai_4
0000d4da   __mspabi_srai_5
0000d4d8   __mspabi_srai_6
0000d4d6   __mspabi_srai_7
0000d4d4   __mspabi_srai_8
0000d4d2   __mspabi_srai_9
0000d5bc   __mspabi_sral
0000d2d6   __mspabi_sral_1
0000d2b2   __mspabi_sral_10
0000d2ae   __mspabi_sral_11
0000d2aa   __mspabi_sral_12
0000d2a6   __mspabi_sral_13
0000d2a2   __mspabi_sral_14
0000d29e   __mspabi_sral_15
0000d2d2   __mspabi_sral_2
0000d2ce   __mspabi_sral_3
0000d2ca   __mspabi_sral_4
0000d2c6   __mspabi_sral_5
0000d2c2   __mspabi_sral_6
0000d2be   __mspabi_sral_7
0000d2ba   __mspabi_sral_8
0000d2b6   __mspabi_sral_9
0000d1c0   __mspabi_srli
0000d206   __mspabi_srli_1
0000d1e2   __mspabi_srli_10
0000d1de   __mspabi_srli_11
0000d1da   __mspabi_srli_12
0000d1d6   __mspabi_srli_13
0000d1d2   __mspabi_srli_14
0000d1ce   __mspabi_srli_15
0000d202   __mspabi_srli_2
0000d1fe   __mspabi_srli_3
0000d1fa   __mspabi_srli_4
0000d1f6   __mspabi_srli_5
0000d1f2   __mspabi_srli_6
0000d1ee   __mspabi_srli_7
0000d1ea   __mspabi_srli_8
0000d1e6   __mspabi_srli_9
0000d598   __mspabi_srll
0000d164   __mspabi_srll_1
0000d12e   __mspabi_srll_10
0000d128   __mspabi_srll_11
0000d122   __mspabi_srll_12
0000d11c   __mspabi_srll_13
0000d116   __mspabi_srll_14
0000d110   __mspabi_srll_15
0000d15e   __mspabi_srll_2
0000d158   __mspabi_srll_3
0000d152   __mspabi_srll_4
0000d14c   __mspabi_srll_5
0000d146   __mspabi_srll_6
0000d140   __mspabi_srll_7
0000d13a   __mspabi_srll_8
0000d134   __mspabi_srll_9
0000d0b2   _auto_init
0000d558   _c_int00
0000d558   _c_int00_noexit
0000c5e0   _frcaddd
0000c000   _frcmpyd
0000cdbc   _renormd
0000fffe   _reset_vector
000003b0   _stack
0000d638   _system_pre_init
0000d63c   abort
ffffffff   binit
0000d3cc   cack
00000212   count
0000020c   data
00000218   err
00000214   gxmax
0000caa4   main
0000d5aa   memcpy
0000d404   mnack
0000d256   read1byte
00000200   speed
0000d432   start
0000d460   stop
0000d31a   uart_init
0000d16c   write1byte


GLOBAL SYMBOLS: SORTED BY Symbol Address 

address    name
--------   ----
00000000   IE1
00000001   IE2
00000001   __TI_args_main
00000001   __TI_exit
00000002   IFG1
00000003   IFG2
00000010   P3REN
00000018   P3IN
00000019   P3OUT
0000001a   P3DIR
0000001b   P3SEL
00000020   P1IN
00000021   P1OUT
00000022   P1DIR
00000023   P1IFG
00000024   P1IES
00000025   P1IE
00000026   P1SEL
00000027   P1REN
00000028   P2IN
00000029   P2OUT
0000002a   P2DIR
0000002b   P2IFG
0000002c   P2IES
0000002d   P2IE
0000002e   P2SEL
0000002f   P2REN
00000041   P1SEL2
00000042   P2SEL2
00000043   P3SEL2
00000048   ADC10DTC0
00000049   ADC10DTC1
0000004a   ADC10AE0
00000050   __STACK_SIZE
00000053   BCSCTL3
00000056   DCOCTL
00000057   BCSCTL1
00000058   BCSCTL2
00000059   CACTL1
0000005a   CACTL2
0000005b   CAPD
0000005d   UCA0ABCTL
0000005e   UCA0IRTCTL
0000005f   UCA0IRRCTL
00000060   UCA0CTL0
00000061   UCA0CTL1
00000062   UCA0BR0
00000063   UCA0BR1
00000064   UCA0MCTL
00000065   UCA0STAT
00000066   UCA0RXBUF
00000067   UCA0TXBUF
00000068   UCB0CTL0
00000069   UCB0CTL1
0000006a   UCB0BR0
0000006b   UCB0BR1
0000006c   UCB0I2CIE
0000006d   UCB0STAT
0000006e   UCB0RXBUF
0000006f   UCB0TXBUF
00000118   UCB0I2COA
0000011a   UCB0I2CSA
0000011e   TA1IV
00000120   WDTCTL
00000128   FCTL1
0000012a   FCTL2
0000012c   FCTL3
0000012e   TA0IV
00000160   TA0CTL
00000162   TA0CCTL0
00000164   TA0CCTL1
00000166   TA0CCTL2
00000170   TA0R
00000172   TA0CCR0
00000174   TA0CCR1
00000176   TA0CCR2
00000180   TA1CTL
00000182   TA1CCTL0
00000184   TA1CCTL1
00000186   TA1CCTL2
00000190   TA1R
00000192   TA1CCR0
00000194   TA1CCR1
00000196   TA1CCR2
000001b0   ADC10CTL0
000001b2   ADC10CTL1
000001b4   ADC10MEM
000001bc   ADC10SA
00000200   speed
0000020c   data
00000212   count
00000214   gxmax
00000218   err
000003b0   _stack
00000400   __STACK_END
000010f8   CALDCO_16MHZ
000010f9   CALBC1_16MHZ
000010fa   CALDCO_12MHZ
000010fb   CALBC1_12MHZ
000010fc   CALDCO_8MHZ
000010fd   CALBC1_8MHZ
000010fe   CALDCO_1MHZ
000010ff   CALBC1_1MHZ
0000c000   _frcmpyd
0000c2f8   __mspabi_addd
0000c5e0   _frcaddd
0000c84e   __mspabi_mpyd
0000caa4   main
0000cc84   __mspabi_cmpd
0000cdbc   _renormd
0000ce7c   __mspabi_fltlid
0000cf2c   __mspabi_cvtdf
0000cfd4   __mspabi_cvtfd
0000d0b2   _auto_init
0000d110   __mspabi_srll_15
0000d116   __mspabi_srll_14
0000d11c   __mspabi_srll_13
0000d122   __mspabi_srll_12
0000d128   __mspabi_srll_11
0000d12e   __mspabi_srll_10
0000d134   __mspabi_srll_9
0000d13a   __mspabi_srll_8
0000d140   __mspabi_srll_7
0000d146   __mspabi_srll_6
0000d14c   __mspabi_srll_5
0000d152   __mspabi_srll_4
0000d158   __mspabi_srll_3
0000d15e   __mspabi_srll_2
0000d164   __mspabi_srll_1
0000d16c   write1byte
0000d1c0   __mspabi_srli
0000d1ce   __mspabi_srli_15
0000d1d2   __mspabi_srli_14
0000d1d6   __mspabi_srli_13
0000d1da   __mspabi_srli_12
0000d1de   __mspabi_srli_11
0000d1e2   __mspabi_srli_10
0000d1e6   __mspabi_srli_9
0000d1ea   __mspabi_srli_8
0000d1ee   __mspabi_srli_7
0000d1f2   __mspabi_srli_6
0000d1f6   __mspabi_srli_5
0000d1fa   __mspabi_srli_4
0000d1fe   __mspabi_srli_3
0000d202   __mspabi_srli_2
0000d206   __mspabi_srli_1
0000d20c   __mspabi_cmpf
0000d256   read1byte
0000d29e   __mspabi_sral_15
0000d2a2   __mspabi_sral_14
0000d2a6   __mspabi_sral_13
0000d2aa   __mspabi_sral_12
0000d2ae   __mspabi_sral_11
0000d2b2   __mspabi_sral_10
0000d2b6   __mspabi_sral_9
0000d2ba   __mspabi_sral_8
0000d2be   __mspabi_sral_7
0000d2c2   __mspabi_sral_6
0000d2c6   __mspabi_sral_5
0000d2ca   __mspabi_sral_4
0000d2ce   __mspabi_sral_3
0000d2d2   __mspabi_sral_2
0000d2d6   __mspabi_sral_1
0000d2dc   __mspabi_slll_15
0000d2e0   __mspabi_slll_14
0000d2e4   __mspabi_slll_13
0000d2e8   __mspabi_slll_12
0000d2ec   __mspabi_slll_11
0000d2f0   __mspabi_slll_10
0000d2f4   __mspabi_slll_9
0000d2f8   __mspabi_slll_8
0000d2fc   __mspabi_slll_7
0000d300   __mspabi_slll_6
0000d304   __mspabi_slll_5
0000d308   __mspabi_slll_4
0000d30c   __mspabi_slll_3
0000d310   __mspabi_slll_2
0000d314   __mspabi_slll_1
0000d31a   uart_init
0000d358   MPU6050_Init
0000d392   Single_Read_MPU6050
0000d3cc   cack
0000d404   mnack
0000d432   start
0000d460   stop
0000d48e   Single_Write_MPU6050
0000d4ba   __mspabi_srai
0000d4c6   __mspabi_srai_15
0000d4c8   __mspabi_srai_14
0000d4ca   __mspabi_srai_13
0000d4cc   __mspabi_srai_12
0000d4ce   __mspabi_srai_11
0000d4d0   __mspabi_srai_10
0000d4d2   __mspabi_srai_9
0000d4d4   __mspabi_srai_8
0000d4d6   __mspabi_srai_7
0000d4d8   __mspabi_srai_6
0000d4da   __mspabi_srai_5
0000d4dc   __mspabi_srai_4
0000d4de   __mspabi_srai_3
0000d4e0   __mspabi_srai_2
0000d4e2   __mspabi_srai_1
0000d4e6   __mspabi_slli
0000d4f2   __mspabi_slli_15
0000d4f4   __mspabi_slli_14
0000d4f6   __mspabi_slli_13
0000d4f8   __mspabi_slli_12
0000d4fa   __mspabi_slli_11
0000d4fc   __mspabi_slli_10
0000d4fe   __mspabi_slli_9
0000d500   __mspabi_slli_8
0000d502   __mspabi_slli_7
0000d504   __mspabi_slli_6
0000d506   __mspabi_slli_5
0000d508   __mspabi_slli_4
0000d50a   __mspabi_slli_3
0000d50c   __mspabi_slli_2
0000d50e   __mspabi_slli_1
0000d512   __mspabi_mpyl
0000d538   Get16Bit
0000d558   _c_int00
0000d558   _c_int00_noexit
0000d572   __TI_zero_init
0000d586   __TI_decompress_none
0000d598   __mspabi_srll
0000d5aa   memcpy
0000d5bc   __mspabi_sral
0000d5cc   __mspabi_slll
0000d5dc   __mspabi_func_epilog_7
0000d5de   __mspabi_func_epilog_6
0000d5e0   __mspabi_func_epilog_5
0000d5e2   __mspabi_func_epilog_4
0000d5e4   __mspabi_func_epilog_3
0000d5e6   __mspabi_func_epilog_2
0000d5e8   __mspabi_func_epilog_1
0000d5ec   USCI0RX_ISR
0000d5fa   __mspabi_fltid
0000d606   GetAccelX
0000d610   GetAccelZ
0000d61a   GetAnguX
0000d624   Delay5us
0000d62c   USCI0TX_ISR
0000d632   __TI_decompress_rle24
0000d638   _system_pre_init
0000d63c   C$$EXIT
0000d63c   abort
0000d64a   __TI_Handler_Table_Base
0000d650   __TI_Handler_Table_Limit
0000d654   __TI_CINIT_Base
0000d65c   __TI_CINIT_Limit
0000fffe   _reset_vector
ffffffff   __binit__
ffffffff   __c_args__
ffffffff   binit
UNDEFED    __TI_INITARRAY_Base
UNDEFED    __TI_INITARRAY_Limit

[256 symbols]
